Loading weights:   0%|          | 0/398 [00:00<?, ?it/s]Loading weights: 100%|██████████| 398/398 [00:00<00:00, 5163.67it/s]
Warning: You are sending unauthenticated requests to the HF Hub. Please set a HF_TOKEN to enable higher rate limits and faster downloads.
Fetching 1 files:   0%|          | 0/1 [00:00<?, ?it/s]Fetching 1 files: 100%|██████████| 1/1 [00:00<00:00, 1776.49it/s]
  multihop[clean] 0/93
  multihop[clean] 20/93
  multihop[clean] 40/93
  multihop[clean] 60/93
  multihop[clean] 80/93
clean multihop accuracy: 0.419 (39/93)
  multihop[(14, 24)-jspace] 0/93
  multihop[(14, 24)-jspace] 20/93
  multihop[(14, 24)-jspace] 40/93
  multihop[(14, 24)-jspace] 60/93
  multihop[(14, 24)-jspace] 80/93
  multihop[(14, 24)-random] 0/93
  multihop[(14, 24)-random] 20/93
  multihop[(14, 24)-random] 40/93
  multihop[(14, 24)-random] 60/93
  multihop[(14, 24)-random] 80/93
/opt/homebrew/Cellar/python@3.12/3.12.13/Frameworks/Python.framework/Versions/3.12/lib/python3.12/multiprocessing/resource_tracker.py:279: UserWarning: resource_tracker: There appear to be 1 leaked semaphore objects to clean up at shutdown
  warnings.warn('resource_tracker: There appear to be %d '
